----------------------------------------------------------------------------------------------------------------
      name:  <unnamed>
       log:  /Users/kevincao/Desktop/ECON80/ECON80-Paper/analysis.log
  log type:  text
 opened on:  26 Oct 2024, 21:23:47

. 
. use "morg16.dta", clear
file morg16.dta not found
r(601);

end of do-file

r(601);

. do "/var/folders/5m/nw7wt55x46v9lm322x4fhb2r0000gn/T//SD51631.000000"

. clear all

. set memory 600m
set memory ignored.
    Memory no longer needs to be set in modern Statas; memory adjustments are performed on the fly
    automatically.

. set more off

. 
. local dir "/Users/kevincao/Desktop/ECON80/ECON80-Paper/Data/"

. cd "`dir'"
/Users/kevincao/Desktop/ECON80/ECON80-Paper/Data

. 
. local logfile analysis.log

. cap log close
